// Jest Snapshot v1, https://goo.gl/fbAQLP

exports[`RatingList check renders container properly 1`] = `ShallowWrapper {}`;

exports[`RatingList check renders container properly 2`] = `ShallowWrapper {}`;

exports[`RatingList check renders properly 1`] = `ShallowWrapper {}`;
