// Jest Snapshot v1, https://goo.gl/fbAQLP

exports[`Rating element check renders properly 1`] = `ShallowWrapper {}`;
