// Jest Snapshot v1, https://goo.gl/fbAQLP

exports[`Start random process button check Container renders properly 1`] = `ShallowWrapper {}`;

exports[`Start random process button check renders properly 1`] = `ShallowWrapper {}`;
